---
source: src/parser.rs
description: "[fg:red](before \\a after)"
---
[
    Content(
        " after",
    ),
]
