---
source: src/parser.rs
description: "before [ after"
---
[
    Content(
        "after",
    ),
]
