---
source: src/parser.rs
description: "before \\a after"
---
[
    ParseError {
        span: Some(
            7..9,
        ),
        at: EscapeCharacter,
        reason: UnknownEscapeSequence(
            'a',
        ),
    },
]
